USDT:2026-09-25 14:27:00 34968:39180 C:\actions-runner\_work\pytorch\pytorch\third_party\kineto\libkineto\src\SyncActivityProfilerHandler.cpp:39] profiler_start
USDT:2026-09-25 14:27:01 34968:39180 C:\actions-runner\_work\pytorch\pytorch\third_party\kineto\libkineto\src\SyncActivityProfilerHandler.cpp:46] profiler_stop
reference-v1: timed run 1/3 done
reference-v1: timed run 2/3 done
reference-v1: timed run 3/3 done
{
  "setup": {
    "checkpoint_load_including_validation_seconds": 0.02081940000061877,
    "per_call_deepcopy_seconds": 0.0012878999987151474,
    "per_call_cpu_float_eval_seconds": 0.00032479999936185777,
    "per_call_finite_verification_seconds": 0.0015843000001041219,
    "per_call_fingerprint_seconds": 0.0018970999954035506,
    "cold_first_encode_decode_seconds": 6.238259299992933
  },
  "encode": {
    "count": 300,
    "mean_seconds": 2.3726219276662355,
    "median_seconds": 2.363787599999341,
    "p95_seconds": 2.443352274994686,
    "std_seconds": 0.04110103129774019,
    "images_per_second": 0.423049854394819
  },
  "decode": {
    "count": 300,
    "mean_seconds": 2.3646207973333366,
    "median_seconds": 2.355071850004606,
    "p95_seconds": 2.444231614996534,
    "std_seconds": 0.043071915166334275,
    "images_per_second": 0.42461549527588477
  },
  "batched": null
}
