qgru-v2: timed run 1/3 done
qgru-v2: timed run 2/3 done
qgru-v2: timed run 3/3 done
{
  "setup": {
    "checkpoint_load_including_validation_seconds": 0.01064300000143703,
    "one_time_codec_init_seconds_quantize_tables_exactness_fingerprint": 0.051092200010316446,
    "cold_first_encode_decode_seconds": 1.2958015000040177
  },
  "encode": {
    "count": 300,
    "mean_seconds": 0.5950515339996976,
    "median_seconds": 0.5912188500005868,
    "p95_seconds": 0.6260210750042461,
    "std_seconds": 0.03244328838617501,
    "images_per_second": 1.691421036387807
  },
  "decode": {
    "count": 300,
    "mean_seconds": 0.5961233050002678,
    "median_seconds": 0.5922248999995645,
    "p95_seconds": 0.6409025050052151,
    "std_seconds": 0.032697441038383034,
    "images_per_second": 1.6885477121963892
  },
  "batched": {
    "rows": 100,
    "encode_images_per_second": 7.920772002798048,
    "decode_images_per_second": 6.961662230522761
  }
}
